stm32f4xx_hal_msp.c:65:6:HAL_MspInit	8	static
stm32f4xx_hal_msp.c:89:6:HAL_CRC_MspInit	8	static
stm32f4xx_hal_msp.c:111:6:HAL_CRC_MspDeInit	0	static
stm32f4xx_hal_msp.c:133:6:HAL_DMA2D_MspInit	16	static
stm32f4xx_hal_msp.c:158:6:HAL_DMA2D_MspDeInit	0	static
stm32f4xx_hal_msp.c:183:6:HAL_DSI_MspInit	40	static
stm32f4xx_hal_msp.c:221:6:HAL_DSI_MspDeInit	8	static
stm32f4xx_hal_msp.c:251:6:HAL_I2C_MspInit	48	static
stm32f4xx_hal_msp.c:294:6:HAL_I2C_MspDeInit	8	static
stm32f4xx_hal_msp.c:325:6:HAL_LTDC_MspInit	72	static
stm32f4xx_hal_msp.c:362:6:HAL_LTDC_MspDeInit	0	static
stm32f4xx_hal_msp.c:387:6:HAL_QSPI_MspInit	56	static
stm32f4xx_hal_msp.c:442:6:HAL_QSPI_MspDeInit	8	static
stm32f4xx_hal_msp.c:478:6:HAL_UART_MspInit	48	static
stm32f4xx_hal_msp.c:533:6:HAL_UART_MspDeInit	8	static
stm32f4xx_hal_msp.c:694:6:HAL_SDRAM_MspInit	48	static
stm32f4xx_hal_msp.c:803:6:HAL_SDRAM_MspDeInit	8	static
