Screen.hpp:103:18:virtual void touchgfx::Screen::afterTransition()	0	static
Screen.hpp:143:18:virtual void touchgfx::Screen::handleTickEvent()	0	static
Screen.hpp:153:18:virtual void touchgfx::Screen::handleKeyEvent(uint8_t)	0	static
EngineerPageView.hpp:13:13:EngineerPageView::~EngineerPageView()	0	static
EngineerPageView.cpp:13:6:virtual void EngineerPageView::tearDownScreen()	0	static
EngineerPageView.cpp:8:6:virtual void EngineerPageView::setupScreen()	0	static
EngineerPageView.hpp:13:13:virtual EngineerPageView::~EngineerPageView()	8	static
EngineerPageView.cpp:3:1:EngineerPageView::EngineerPageView()	8	static
EngineerPageView.cpp:19:6:void EngineerPageView::updateTemp(int)	16	static
