Drawable.hpp:132:23:virtual touchgfx::Drawable* touchgfx::Drawable::getFirstChild()	0	static
Drawable.hpp:269:18:virtual void touchgfx::Drawable::setX(int16_t)	0	static
Drawable.hpp:281:18:virtual void touchgfx::Drawable::setY(int16_t)	0	static
Drawable.hpp:310:18:virtual void touchgfx::Drawable::setWidth(int16_t)	0	static
Drawable.hpp:322:18:virtual void touchgfx::Drawable::setHeight(int16_t)	0	static
Drawable.hpp:332:18:virtual void touchgfx::Drawable::childGeometryChanged()	0	static
Drawable.hpp:343:18:virtual void touchgfx::Drawable::handleClickEvent(const touchgfx::ClickEvent&)	0	static
Drawable.hpp:354:18:virtual void touchgfx::Drawable::handleGestureEvent(const touchgfx::GestureEvent&)	0	static
Drawable.hpp:442:18:virtual void touchgfx::Drawable::handleDragEvent(const touchgfx::DragEvent&)	0	static
Drawable.hpp:452:18:virtual void touchgfx::Drawable::handleTickEvent()	0	static
Drawable.hpp:539:18:virtual void touchgfx::Drawable::moveTo(int16_t, int16_t)	4	static
Drawable.hpp:654:18:virtual void touchgfx::Drawable::setupDrawChain(const touchgfx::Rect&, touchgfx::Drawable**)	0	static
Screen.hpp:92:18:virtual void touchgfx::Screen::setupScreen()	0	static
Screen.hpp:103:18:virtual void touchgfx::Screen::afterTransition()	0	static
Screen.hpp:114:18:virtual void touchgfx::Screen::tearDownScreen()	0	static
Screen.hpp:143:18:virtual void touchgfx::Screen::handleTickEvent()	0	static
Screen.hpp:153:18:virtual void touchgfx::Screen::handleKeyEvent(uint8_t)	0	static
Widget.hpp:47:18:virtual void touchgfx::Widget::getLastChild(int16_t, int16_t, touchgfx::Drawable**)	0	static
TypedText.hpp:65:13:touchgfx::TypedText::~TypedText()	0	static
View.hpp:36:7:touchgfx::View<DriverPagePresenter>::~View()	0	static
DriverPageViewBase.hpp:23:13:DriverPageViewBase::~DriverPageViewBase()	0	static
DriverPageViewBase.hpp:30:18:virtual void DriverPageViewBase::Time_SS()	0	static
DriverPageViewBase.hpp:35:18:virtual void DriverPageViewBase::Time_RS()	0	static
DriverPageViewBase.cpp:174:6:virtual void DriverPageViewBase::setupScreen()	0	static
Callback.hpp:357:8:touchgfx::Callback<DriverPageViewBase, const touchgfx::AbstractButton&>::~Callback()	0	static
Callback.hpp:386:18:void touchgfx::Callback<dest_type, T1, void, void>::execute(T1) [with dest_type = DriverPageViewBase; T1 = const touchgfx::AbstractButton&]	8	static
Callback.hpp:396:18:bool touchgfx::Callback<dest_type, T1, void, void>::isValid() const [with dest_type = DriverPageViewBase; T1 = const touchgfx::AbstractButton&]	0	static
TypedText.hpp:65:13:virtual touchgfx::TypedText::~TypedText()	8	static
Callback.hpp:357:8:virtual touchgfx::Callback<DriverPageViewBase, const touchgfx::AbstractButton&>::~Callback()	8	static
View.hpp:36:7:virtual touchgfx::View<DriverPagePresenter>::~View()	8	static
DriverPageViewBase.hpp:23:13:virtual DriverPageViewBase::~DriverPageViewBase()	8	static
DriverPageViewBase.cpp:180:6:virtual void DriverPageViewBase::handleKeyEvent(uint8_t)	8	static
DriverPageViewBase.cpp:191:6:void DriverPageViewBase::buttonCallbackHandler(const touchgfx::AbstractButton&)	8	static
Drawable.hpp:297:10:void touchgfx::Drawable::setXY(int16_t, int16_t)	16	static
Drawable.hpp:216:10:void touchgfx::Drawable::setPosition(int16_t, int16_t, int16_t, int16_t)	16	static
Box.hpp:33:5:touchgfx::Box::Box()	0	static
AbstractPainterRGB565.hpp:41:5:touchgfx::AbstractPainterRGB565::AbstractPainterRGB565()	16	static
TextArea.hpp:42:5:touchgfx::TextArea::TextArea()	0	static
ButtonWithLabel.hpp:132:10:void touchgfx::ButtonWithLabel::updateTextPosition()	24	static
DriverPageViewBase.cpp:9:1:DriverPageViewBase::DriverPageViewBase()	136	static
